To honour the JVM settings for this build a single-use Daemon process will be forked. For more on this, please refer to https://docs.gradle.org/9.1.0/userguide/gradle_daemon.html#sec:disabling_the_daemon in the Gradle documentation.
Daemon will be stopped at the end of the build
> Task :shared-kernel:compileJava UP-TO-DATE
> Task :typed-schema-module:compileJava UP-TO-DATE
> Task :notification-module:compileJava UP-TO-DATE
> Task :sandbox-isolation-module:compileJava UP-TO-DATE
> Task :outbox-event-module:compileJava UP-TO-DATE
> Task :billing-module:compileJava UP-TO-DATE
> Task :ai-module:compileJava UP-TO-DATE
> Task :ai-module:processResources UP-TO-DATE
> Task :ai-module:classes UP-TO-DATE
> Task :ai-module:jar UP-TO-DATE
> Task :storage-module:compileJava UP-TO-DATE
> Task :storage-module:processResources NO-SOURCE
> Task :storage-module:classes UP-TO-DATE
> Task :storage-module:jar UP-TO-DATE
> Task :artifact-module:compileJava UP-TO-DATE
> Task :artifact-module:processResources NO-SOURCE
> Task :artifact-module:classes UP-TO-DATE
> Task :artifact-module:jar UP-TO-DATE
> Task :audio-module:compileJava UP-TO-DATE
> Task :audio-module:processResources NO-SOURCE
> Task :audio-module:classes UP-TO-DATE
> Task :audio-module:jar UP-TO-DATE
> Task :observability-module:compileJava UP-TO-DATE
> Task :audit-compliance-module:compileJava UP-TO-DATE
> Task :audit-compliance-module:processResources NO-SOURCE
> Task :audit-compliance-module:classes UP-TO-DATE
> Task :audit-compliance-module:jar UP-TO-DATE
> Task :billing-module:processResources NO-SOURCE
> Task :billing-module:classes UP-TO-DATE
> Task :billing-module:jar UP-TO-DATE
> Task :cloud-resource-module:compileJava UP-TO-DATE
> Task :cloud-resource-module:processResources NO-SOURCE
> Task :cloud-resource-module:classes UP-TO-DATE
> Task :cloud-resource-module:jar UP-TO-DATE
> Task :color-image-module:compileJava UP-TO-DATE
> Task :color-image-module:processResources NO-SOURCE
> Task :color-image-module:classes UP-TO-DATE
> Task :color-image-module:jar UP-TO-DATE
> Task :commerce-module:compileJava UP-TO-DATE
> Task :commerce-module:processResources NO-SOURCE
> Task :commerce-module:classes UP-TO-DATE
> Task :commerce-module:jar UP-TO-DATE
> Task :config-module:compileJava UP-TO-DATE
> Task :config-module:processResources NO-SOURCE
> Task :config-module:classes UP-TO-DATE
> Task :config-module:jar UP-TO-DATE
> Task :datasource-module:compileJava UP-TO-DATE
> Task :datasource-module:processResources NO-SOURCE
> Task :datasource-module:classes UP-TO-DATE
> Task :datasource-module:jar UP-TO-DATE
> Task :secrets-config-module:compileJava UP-TO-DATE
> Task :delivery-module:compileJava UP-TO-DATE
> Task :delivery-module:processResources NO-SOURCE
> Task :delivery-module:classes UP-TO-DATE
> Task :delivery-module:jar UP-TO-DATE
> Task :policy-governance-module:compileJava UP-TO-DATE
> Task :entitlement-module:compileJava UP-TO-DATE
> Task :entitlement-module:processResources NO-SOURCE
> Task :entitlement-module:classes UP-TO-DATE
> Task :entitlement-module:jar UP-TO-DATE
> Task :extension-module:compileJava UP-TO-DATE
> Task :extension-module:processResources NO-SOURCE
> Task :extension-module:classes UP-TO-DATE
> Task :extension-module:jar UP-TO-DATE
> Task :identity-access-module:compileJava UP-TO-DATE
> Task :font-text-module:compileJava UP-TO-DATE
> Task :media-module:compileJava UP-TO-DATE
> Task :timeline-module:compileJava UP-TO-DATE
> Task :operation-module:compileJava UP-TO-DATE
> Task :prompt-module:compileJava UP-TO-DATE
> Task :prompt-module:processResources NO-SOURCE
> Task :prompt-module:classes UP-TO-DATE
> Task :prompt-module:jar UP-TO-DATE
> Task :quota-billing-module:compileJava UP-TO-DATE
> Task :platform-algorithms:graph:compileJava UP-TO-DATE
> Task :render-module:compileJava UP-TO-DATE
> Task :user-analytics-module:compileJava UP-TO-DATE
> Task :federation-query-module:compileJava UP-TO-DATE
> Task :federation-query-module:processResources UP-TO-DATE
> Task :federation-query-module:classes UP-TO-DATE
> Task :federation-query-module:jar UP-TO-DATE
> Task :font-text-module:processResources NO-SOURCE
> Task :font-text-module:classes UP-TO-DATE
> Task :font-text-module:jar UP-TO-DATE
> Task :identity-access-module:processResources NO-SOURCE
> Task :identity-access-module:classes UP-TO-DATE
> Task :identity-access-module:jar UP-TO-DATE
> Task :media-execution-plan-module:compileJava UP-TO-DATE
> Task :media-execution-plan-module:processResources NO-SOURCE
> Task :media-execution-plan-module:classes UP-TO-DATE
> Task :media-execution-plan-module:jar UP-TO-DATE
> Task :media-module:processResources NO-SOURCE
> Task :media-module:classes UP-TO-DATE
> Task :media-module:jar UP-TO-DATE
> Task :notification-module:processResources NO-SOURCE
> Task :notification-module:classes UP-TO-DATE
> Task :notification-module:jar UP-TO-DATE
> Task :observability-module:processResources NO-SOURCE
> Task :observability-module:classes UP-TO-DATE
> Task :observability-module:jar UP-TO-DATE
> Task :operation-module:processResources NO-SOURCE
> Task :operation-module:classes UP-TO-DATE
> Task :operation-module:jar UP-TO-DATE
> Task :outbox-event-module:processResources NO-SOURCE
> Task :outbox-event-module:classes UP-TO-DATE
> Task :outbox-event-module:jar UP-TO-DATE
> Task :payment-module:compileJava UP-TO-DATE
> Task :payment-module:processResources NO-SOURCE
> Task :payment-module:classes UP-TO-DATE
> Task :payment-module:jar UP-TO-DATE
> Task :worker-fabric-module:compileJava UP-TO-DATE
> Task :provider-plugin-runtime-module:compileJava UP-TO-DATE
> Task :scheduler-module:compileJava UP-TO-DATE
> Task :social-publish-module:compileJava UP-TO-DATE
> Task :workflow-module:compileJava UP-TO-DATE
> Task :platform-app:compileJava UP-TO-DATE
> Task :platform-app:processResources UP-TO-DATE
> Task :platform-app:classes UP-TO-DATE
> Task :platform-app:resolveMainClassName
> Task :policy-governance-module:processResources NO-SOURCE
> Task :policy-governance-module:classes UP-TO-DATE
> Task :policy-governance-module:jar UP-TO-DATE
> Task :provider-plugin-runtime-module:processResources NO-SOURCE
> Task :provider-plugin-runtime-module:classes UP-TO-DATE
> Task :provider-plugin-runtime-module:jar UP-TO-DATE
> Task :quota-billing-module:processResources NO-SOURCE
> Task :quota-billing-module:classes UP-TO-DATE
> Task :quota-billing-module:jar UP-TO-DATE
> Task :render-module:processResources UP-TO-DATE
> Task :render-module:classes UP-TO-DATE
> Task :render-module:jar UP-TO-DATE
> Task :sandbox-isolation-module:processResources NO-SOURCE
> Task :sandbox-isolation-module:classes UP-TO-DATE
> Task :sandbox-isolation-module:jar UP-TO-DATE
> Task :scheduler-module:processResources NO-SOURCE
> Task :scheduler-module:classes UP-TO-DATE
> Task :scheduler-module:jar UP-TO-DATE
> Task :secrets-config-module:processResources NO-SOURCE
> Task :secrets-config-module:classes UP-TO-DATE
> Task :secrets-config-module:jar UP-TO-DATE
> Task :shared-kernel:processResources UP-TO-DATE
> Task :shared-kernel:classes UP-TO-DATE
> Task :shared-kernel:jar UP-TO-DATE
> Task :social-publish-module:processResources NO-SOURCE
> Task :social-publish-module:classes UP-TO-DATE
> Task :social-publish-module:jar UP-TO-DATE
> Task :timeline-module:processResources NO-SOURCE
> Task :timeline-module:classes UP-TO-DATE
> Task :timeline-module:jar UP-TO-DATE
> Task :typed-schema-module:processResources NO-SOURCE
> Task :typed-schema-module:classes UP-TO-DATE
> Task :typed-schema-module:jar UP-TO-DATE
> Task :user-analytics-module:processResources NO-SOURCE
> Task :user-analytics-module:classes UP-TO-DATE
> Task :user-analytics-module:jar UP-TO-DATE
> Task :worker-fabric-module:processResources NO-SOURCE
> Task :worker-fabric-module:classes UP-TO-DATE
> Task :worker-fabric-module:jar UP-TO-DATE
> Task :workflow-module:processResources UP-TO-DATE
> Task :workflow-module:classes UP-TO-DATE
> Task :workflow-module:jar UP-TO-DATE
> Task :platform-algorithms:graph:processResources NO-SOURCE
> Task :platform-algorithms:graph:classes UP-TO-DATE
> Task :platform-algorithms:graph:jar UP-TO-DATE
> Task :platform-app:bootJar

BUILD SUCCESSFUL in 17s
89 actionable tasks: 2 executed, 87 up-to-date
Consider enabling configuration cache to speed up this build: https://docs.gradle.org/9.1.0/userguide/configuration_cache_enabling.html
