To honour the JVM settings for this build a single-use Daemon process will be forked. For more on this, please refer to https://docs.gradle.org/9.1.0/userguide/gradle_daemon.html#sec:disabling_the_daemon in the Gradle documentation.
Daemon will be stopped at the end of the build
> Task :shared-kernel:compileJava UP-TO-DATE
> Task :typed-schema-module:compileJava UP-TO-DATE
> Task :notification-module:compileJava UP-TO-DATE
> Task :sandbox-isolation-module:compileJava UP-TO-DATE
> Task :outbox-event-module:compileJava UP-TO-DATE
> Task :billing-module:compileJava UP-TO-DATE
> Task :ai-module:compileJava UP-TO-DATE
> Task :storage-module:compileJava UP-TO-DATE
> Task :storage-module:processResources NO-SOURCE
> Task :storage-module:classes UP-TO-DATE
> Task :storage-module:jar UP-TO-DATE
> Task :artifact-module:compileJava UP-TO-DATE
> Task :audio-module:compileJava UP-TO-DATE
> Task :observability-module:compileJava UP-TO-DATE
> Task :audit-compliance-module:compileJava UP-TO-DATE
> Task :cloud-resource-module:compileJava UP-TO-DATE
> Task :color-image-module:compileJava UP-TO-DATE
> Task :commerce-module:compileJava UP-TO-DATE
> Task :config-module:compileJava UP-TO-DATE
> Task :datasource-module:compileJava UP-TO-DATE
> Task :secrets-config-module:compileJava UP-TO-DATE
> Task :delivery-module:compileJava UP-TO-DATE
> Task :policy-governance-module:compileJava UP-TO-DATE
> Task :entitlement-module:compileJava UP-TO-DATE
> Task :extension-module:compileJava UP-TO-DATE
> Task :extension-module:processResources NO-SOURCE
> Task :extension-module:classes UP-TO-DATE
> Task :extension-module:jar UP-TO-DATE
> Task :identity-access-module:compileJava UP-TO-DATE
> Task :font-text-module:compileJava UP-TO-DATE
> Task :media-module:compileJava UP-TO-DATE
> Task :timeline-module:compileJava UP-TO-DATE
> Task :operation-module:compileJava UP-TO-DATE
> Task :prompt-module:compileJava UP-TO-DATE
> Task :prompt-module:processResources NO-SOURCE
> Task :prompt-module:classes UP-TO-DATE
> Task :prompt-module:jar UP-TO-DATE
> Task :quota-billing-module:compileJava UP-TO-DATE
> Task :platform-algorithms:graph:compileJava UP-TO-DATE
> Task :render-module:compileJava UP-TO-DATE
> Task :user-analytics-module:compileJava UP-TO-DATE
> Task :federation-query-module:compileJava UP-TO-DATE
> Task :media-execution-plan-module:compileJava UP-TO-DATE
> Task :worker-fabric-module:compileJava UP-TO-DATE
> Task :provider-plugin-runtime-module:compileJava UP-TO-DATE
> Task :ffmpeg-provider-module:compileJava UP-TO-DATE
> Task :payment-module:compileJava UP-TO-DATE
> Task :platform-algorithms:compileJava NO-SOURCE
> Task :cloud-resource-module:processResources NO-SOURCE
> Task :cloud-resource-module:classes UP-TO-DATE
> Task :cloud-resource-module:jar UP-TO-DATE
> Task :scheduler-module:compileJava UP-TO-DATE
> Task :social-publish-module:compileJava UP-TO-DATE
> Task :workflow-module:compileJava UP-TO-DATE
> Task :platform-app:compileJava UP-TO-DATE
> Task :platform-distribution:compileJava UP-TO-DATE
> Task :remote-render-worker:compileJava UP-TO-DATE
> Task :sandbox-worker:compileJava UP-TO-DATE
> Task :storage-provider-opendal:compileJava UP-TO-DATE
> Task :ai-module:processResources UP-TO-DATE
> Task :ai-module:classes UP-TO-DATE
> Task :ai-module:compileTestJava UP-TO-DATE
> Task :artifact-module:processResources NO-SOURCE
> Task :artifact-module:classes UP-TO-DATE
> Task :render-module:compileTestFixturesJava UP-TO-DATE
> Task :shared-kernel:compileTestFixturesJava UP-TO-DATE
> Task :artifact-module:compileTestJava UP-TO-DATE
> Task :audio-module:processResources NO-SOURCE
> Task :audio-module:classes UP-TO-DATE
> Task :audio-module:compileTestJava UP-TO-DATE
> Task :audit-compliance-module:processResources NO-SOURCE
> Task :audit-compliance-module:classes UP-TO-DATE
> Task :audit-compliance-module:compileTestJava UP-TO-DATE
> Task :billing-module:processResources NO-SOURCE
> Task :billing-module:classes UP-TO-DATE
> Task :billing-module:compileTestJava UP-TO-DATE
> Task :cloud-resource-module:compileTestJava UP-TO-DATE
> Task :color-image-module:processResources NO-SOURCE
> Task :color-image-module:classes UP-TO-DATE
> Task :color-image-module:compileTestJava UP-TO-DATE
> Task :commerce-module:processResources NO-SOURCE
> Task :commerce-module:classes UP-TO-DATE
> Task :commerce-module:compileTestJava UP-TO-DATE
> Task :config-module:processResources NO-SOURCE
> Task :config-module:classes UP-TO-DATE
> Task :config-module:compileTestJava NO-SOURCE
> Task :datasource-module:processResources NO-SOURCE
> Task :datasource-module:classes UP-TO-DATE
> Task :datasource-module:compileTestJava UP-TO-DATE
> Task :delivery-module:processResources NO-SOURCE
> Task :delivery-module:classes UP-TO-DATE
> Task :delivery-module:compileTestJava UP-TO-DATE
> Task :entitlement-module:processResources NO-SOURCE
> Task :entitlement-module:classes UP-TO-DATE
> Task :entitlement-module:compileTestJava UP-TO-DATE
> Task :extension-module:compileTestJava UP-TO-DATE
> Task :federation-query-module:processResources UP-TO-DATE
> Task :federation-query-module:classes UP-TO-DATE
> Task :federation-query-module:compileTestJava UP-TO-DATE
> Task :ffmpeg-provider-module:processResources UP-TO-DATE
> Task :ffmpeg-provider-module:classes UP-TO-DATE
> Task :ffmpeg-provider-module:compileTestJava UP-TO-DATE
> Task :font-text-module:processResources NO-SOURCE
> Task :font-text-module:classes UP-TO-DATE
> Task :font-text-module:compileTestJava UP-TO-DATE
> Task :identity-access-module:processResources NO-SOURCE
> Task :identity-access-module:classes UP-TO-DATE
> Task :identity-access-module:compileTestJava UP-TO-DATE
> Task :media-execution-plan-module:processResources NO-SOURCE
> Task :media-execution-plan-module:classes UP-TO-DATE
> Task :media-execution-plan-module:compileTestJava UP-TO-DATE
> Task :media-module:processResources NO-SOURCE
> Task :media-module:classes UP-TO-DATE
> Task :media-module:compileTestJava UP-TO-DATE
> Task :notification-module:processResources NO-SOURCE
> Task :notification-module:classes UP-TO-DATE
> Task :notification-module:compileTestJava UP-TO-DATE
> Task :observability-module:processResources NO-SOURCE
> Task :observability-module:classes UP-TO-DATE
> Task :observability-module:compileTestJava UP-TO-DATE
> Task :operation-module:processResources NO-SOURCE
> Task :operation-module:classes UP-TO-DATE
> Task :operation-module:compileTestJava UP-TO-DATE
> Task :outbox-event-module:processResources NO-SOURCE
> Task :outbox-event-module:classes UP-TO-DATE
> Task :outbox-event-module:compileTestJava UP-TO-DATE
> Task :payment-module:processResources NO-SOURCE
> Task :payment-module:classes UP-TO-DATE
> Task :payment-module:compileTestJava UP-TO-DATE
> Task :platform-algorithms:processResources NO-SOURCE
> Task :platform-algorithms:classes UP-TO-DATE
> Task :platform-algorithms:compileTestJava NO-SOURCE
> Task :platform-app:processResources UP-TO-DATE
> Task :platform-app:classes UP-TO-DATE
> Task :platform-app:compileTestJava UP-TO-DATE
> Task :platform-distribution:processResources NO-SOURCE
> Task :platform-distribution:classes UP-TO-DATE
> Task :platform-distribution:compileTestJava UP-TO-DATE
> Task :policy-governance-module:processResources NO-SOURCE
> Task :policy-governance-module:classes UP-TO-DATE
> Task :policy-governance-module:compileTestJava UP-TO-DATE
> Task :prompt-module:compileTestJava UP-TO-DATE
> Task :provider-plugin-runtime-module:processResources NO-SOURCE
> Task :provider-plugin-runtime-module:classes UP-TO-DATE
> Task :provider-plugin-runtime-module:compileTestJava UP-TO-DATE
> Task :quota-billing-module:processResources NO-SOURCE
> Task :quota-billing-module:classes UP-TO-DATE
> Task :quota-billing-module:compileTestJava UP-TO-DATE
> Task :remote-render-worker:processResources UP-TO-DATE
> Task :remote-render-worker:classes UP-TO-DATE
> Task :remote-render-worker:compileTestJava UP-TO-DATE
> Task :render-module:compileTestJava UP-TO-DATE
> Task :sandbox-isolation-module:processResources NO-SOURCE
> Task :sandbox-isolation-module:classes UP-TO-DATE
> Task :sandbox-isolation-module:compileTestJava UP-TO-DATE
> Task :sandbox-worker:processResources UP-TO-DATE
> Task :sandbox-worker:classes UP-TO-DATE
> Task :sandbox-worker:compileTestJava UP-TO-DATE
> Task :scheduler-module:processResources NO-SOURCE
> Task :scheduler-module:classes UP-TO-DATE
> Task :scheduler-module:compileTestJava UP-TO-DATE
> Task :secrets-config-module:processResources NO-SOURCE
> Task :secrets-config-module:classes UP-TO-DATE
> Task :secrets-config-module:compileTestJava UP-TO-DATE
> Task :shared-kernel:compileTestJava UP-TO-DATE
> Task :social-publish-module:processResources NO-SOURCE
> Task :social-publish-module:classes UP-TO-DATE
> Task :social-publish-module:compileTestJava UP-TO-DATE
> Task :storage-module:compileTestJava UP-TO-DATE
> Task :storage-provider-opendal:processResources UP-TO-DATE
> Task :storage-provider-opendal:classes UP-TO-DATE
> Task :storage-provider-opendal:compileTestJava UP-TO-DATE
> Task :timeline-module:processResources NO-SOURCE
> Task :timeline-module:classes UP-TO-DATE
> Task :timeline-module:compileTestJava UP-TO-DATE
> Task :typed-schema-module:processResources NO-SOURCE
> Task :typed-schema-module:classes UP-TO-DATE
> Task :typed-schema-module:compileTestJava UP-TO-DATE
> Task :user-analytics-module:processResources NO-SOURCE
> Task :user-analytics-module:classes UP-TO-DATE
> Task :user-analytics-module:compileTestJava UP-TO-DATE
> Task :worker-fabric-module:processResources NO-SOURCE
> Task :worker-fabric-module:classes UP-TO-DATE
> Task :worker-fabric-module:compileTestJava UP-TO-DATE
> Task :workflow-module:processResources UP-TO-DATE
> Task :workflow-module:classes UP-TO-DATE
> Task :workflow-module:compileTestJava UP-TO-DATE
> Task :platform-algorithms:graph:processResources NO-SOURCE
> Task :platform-algorithms:graph:classes UP-TO-DATE
> Task :platform-algorithms:graph:compileTestJava UP-TO-DATE

BUILD SUCCESSFUL in 20s
105 actionable tasks: 105 up-to-date
Consider enabling configuration cache to speed up this build: https://docs.gradle.org/9.1.0/userguide/configuration_cache_enabling.html
