SCAN_UNIVERSE_FILE_COUNT=1660
DELIVERY_RENDER_INITIATOR_RAW_TABLE_READ_COUNT=0
FINALIZE_FAILED_DELIVERY_AUTO_RETRY_COUNT=0
FINALIZE_RENDER_JOB_RAW_READ_COUNT=0
FINALIZE_INITIATOR_RECONSTRUCTION_COUNT=0
CURRENT_AMBIENT_ACTOR_AT_COMPLETION_COUNT=0
CURRENT_AMBIENT_ACTOR_AT_FAILURE_COUNT=0
RENDER_TO_NOTIFICATION_PRODUCTION_DEPENDENCY_COUNT=0
DUPLICATE_PRINCIPAL_ID_AUTHORITY_COUNT=0
SYSTEM_RENDER_FAKE_PRINCIPAL_COUNT=0
PROJECT_ID_AS_NOTIFICATION_AUDIENCE_COUNT=0
TENANT_ID_AS_NOTIFICATION_AUDIENCE_COUNT=0
ARBITRARY_TENANT_USER_FALLBACK_COUNT=0
NEW_SCHEMA_CHANGE_BEYOND_EXISTING_H10_R1_INITIATOR_COLUMNS=0
RENDER_NOVU_REFERENCE_COUNT=0
IDENTITY_NOVU_REFERENCE_COUNT=0
MISSING_INITIATOR_AT_SUBMISSION_COUNT=0
RENDER_INITIATOR_SCHEMA_COLUMN_COUNT=3
RENDER_COMPLETED_EVENT_INITIATOR_FIELD_COUNT=1
RENDER_FAILED_EVENT_INITIATOR_FIELD_COUNT=1
UNCLASSIFIED=0
H10_R1_GUARD_PRODUCTION_SCOPE=COMPLETE_FOR_H10_R1_CHANGED_SURFACES
H10_R1_RENDER_INITIATOR_GUARD=PASS
